<?xml version="1.0" encoding="utf-8"?>
<?AutomationStudio Version="4.5.2.102"?>
<Objects>
  <Object
    Path="C:\Users\admin\Desktop\4lab_Morozov20.12.2019_usable\Logical\Package.pkg"
    LogicalPath=""
    Type="Package.ParentUnknown"
    LastWriteTime="132213301573586258" />
  <Object
    Path="C:\Users\admin\Desktop\4lab_Morozov20.12.2019_usable\Logical\Global.typ"
    LogicalPath="Global.typ"
    Type="File"
    LastWriteTime="131200402240000000"
    Private="false" />
  <Object
    Path="C:\Users\admin\Desktop\4lab_Morozov20.12.2019_usable\Logical\Global.var"
    LogicalPath="Global.var"
    Type="File"
    LastWriteTime="132204655720000000"
    Private="false" />
  <Object
    Path="C:\Users\admin\Desktop\4lab_Morozov20.12.2019_usable\Logical\Libraries\Package.pkg"
    LogicalPath="Libraries"
    Type="Package"
    LastWriteTime="132210732352765574" />
  <Object
    Path="C:\Users\admin\Desktop\4lab_Morozov20.12.2019_usable\Logical\Libraries\Runtime\Binary.lby"
    LogicalPath="Libraries.Runtime"
    Type="Library"
    LastWriteTime="131885244180000000" />
  <Object
    Path="C:\Users\admin\Desktop\4lab_Morozov20.12.2019_usable\Logical\Libraries\Runtime\runtime.fun"
    LogicalPath="Libraries.Runtime.runtime.fun"
    Type="File"
    LastWriteTime="131885243700000000"
    Private="false" />
  <Object
    Path="C:\Users\admin\Desktop\4lab_Morozov20.12.2019_usable\Logical\Libraries\Runtime\runtime.typ"
    LogicalPath="Libraries.Runtime.runtime.typ"
    Type="File"
    LastWriteTime="131885243840000000"
    Private="false" />
  <Object
    Path="C:\Users\admin\Desktop\4lab_Morozov20.12.2019_usable\Logical\Libraries\Runtime\runtime.var"
    LogicalPath="Libraries.Runtime.runtime.var"
    Type="File"
    LastWriteTime="131885244000000000"
    Private="false" />
  <Object
    Path="C:\Users\admin\Desktop\4lab_Morozov20.12.2019_usable\Logical\Libraries\Operator\Binary.lby"
    LogicalPath="Libraries.Operator"
    Type="Library"
    LastWriteTime="131885244180000000" />
  <Object
    Path="C:\Users\admin\Desktop\4lab_Morozov20.12.2019_usable\Logical\Libraries\Operator\operator.fun"
    LogicalPath="Libraries.Operator.operator.fun"
    Type="File"
    LastWriteTime="131885243680000000"
    Private="false" />
  <Object
    Path="C:\Users\admin\Desktop\4lab_Morozov20.12.2019_usable\Logical\Libraries\Operator\operator.typ"
    LogicalPath="Libraries.Operator.operator.typ"
    Type="File"
    LastWriteTime="131885243840000000"
    Private="false" />
  <Object
    Path="C:\Users\admin\Desktop\4lab_Morozov20.12.2019_usable\Logical\Libraries\Operator\operator.var"
    LogicalPath="Libraries.Operator.operator.var"
    Type="File"
    LastWriteTime="131885244000000000"
    Private="false" />
  <Object
    Path="C:\Users\admin\Desktop\4lab_Morozov20.12.2019_usable\Logical\Libraries\AsIecCon\Binary.lby"
    LogicalPath="Libraries.AsIecCon"
    Type="Library"
    LastWriteTime="131885244060000000" />
  <Object
    Path="C:\Users\admin\Desktop\4lab_Morozov20.12.2019_usable\Logical\Libraries\AsIecCon\AsIecCon.fun"
    LogicalPath="Libraries.AsIecCon.AsIecCon.fun"
    Type="File"
    LastWriteTime="131885243600000000"
    Private="false" />
  <Object
    Path="C:\Users\admin\Desktop\4lab_Morozov20.12.2019_usable\Logical\Libraries\AsIecCon\AsIecCon.typ"
    LogicalPath="Libraries.AsIecCon.AsIecCon.typ"
    Type="File"
    LastWriteTime="131885243740000000"
    Private="false" />
  <Object
    Path="C:\Users\admin\Desktop\4lab_Morozov20.12.2019_usable\Logical\Libraries\AsIecCon\AsIecCon.var"
    LogicalPath="Libraries.AsIecCon.AsIecCon.var"
    Type="File"
    LastWriteTime="131885243900000000"
    Private="false" />
  <Object
    Path="C:\Users\admin\Desktop\4lab_Morozov20.12.2019_usable\Logical\Libraries\astime\Binary.lby"
    LogicalPath="Libraries.astime"
    Type="Library"
    LastWriteTime="131885244140000000" />
  <Object
    Path="C:\Users\admin\Desktop\4lab_Morozov20.12.2019_usable\Logical\Libraries\astime\astime.fun"
    LogicalPath="Libraries.astime.astime.fun"
    Type="File"
    LastWriteTime="131885243660000000"
    Private="false" />
  <Object
    Path="C:\Users\admin\Desktop\4lab_Morozov20.12.2019_usable\Logical\Libraries\astime\astime.typ"
    LogicalPath="Libraries.astime.astime.typ"
    Type="File"
    LastWriteTime="131885243820000000"
    Private="false" />
  <Object
    Path="C:\Users\admin\Desktop\4lab_Morozov20.12.2019_usable\Logical\Libraries\astime\astime.var"
    LogicalPath="Libraries.astime.astime.var"
    Type="File"
    LastWriteTime="131885243960000000"
    Private="false" />
  <Object
    Path="C:\Users\admin\Desktop\4lab_Morozov20.12.2019_usable\Logical\Libraries\sys_lib\Binary.lby"
    LogicalPath="Libraries.sys_lib"
    Type="Library"
    LastWriteTime="131885244180000000" />
  <Object
    Path="C:\Users\admin\Desktop\4lab_Morozov20.12.2019_usable\Logical\Libraries\sys_lib\sys_lib.fun"
    LogicalPath="Libraries.sys_lib.sys_lib.fun"
    Type="File"
    LastWriteTime="131885243700000000"
    Private="false" />
  <Object
    Path="C:\Users\admin\Desktop\4lab_Morozov20.12.2019_usable\Logical\Libraries\sys_lib\sys_lib.typ"
    LogicalPath="Libraries.sys_lib.sys_lib.typ"
    Type="File"
    LastWriteTime="131885243860000000"
    Private="false" />
  <Object
    Path="C:\Users\admin\Desktop\4lab_Morozov20.12.2019_usable\Logical\Libraries\sys_lib\sys_lib.var"
    LogicalPath="Libraries.sys_lib.sys_lib.var"
    Type="File"
    LastWriteTime="131885244020000000"
    Private="false" />
  <Object
    Path="C:\Users\admin\Desktop\4lab_Morozov20.12.2019_usable\Logical\Libraries\asstring\Binary.lby"
    LogicalPath="Libraries.asstring"
    Type="Library"
    LastWriteTime="131885244140000000" />
  <Object
    Path="C:\Users\admin\Desktop\4lab_Morozov20.12.2019_usable\Logical\Libraries\asstring\asstring.fun"
    LogicalPath="Libraries.asstring.asstring.fun"
    Type="File"
    LastWriteTime="131885243660000000"
    Private="false" />
  <Object
    Path="C:\Users\admin\Desktop\4lab_Morozov20.12.2019_usable\Logical\Libraries\asstring\asstring.typ"
    LogicalPath="Libraries.asstring.asstring.typ"
    Type="File"
    LastWriteTime="131885243800000000"
    Private="false" />
  <Object
    Path="C:\Users\admin\Desktop\4lab_Morozov20.12.2019_usable\Logical\Libraries\asstring\asstring.var"
    LogicalPath="Libraries.asstring.asstring.var"
    Type="File"
    LastWriteTime="131885243960000000"
    Private="false" />
  <Object
    Path="C:\Users\admin\Desktop\4lab_Morozov20.12.2019_usable\Logical\Libraries\brsystem\binary.lby"
    LogicalPath="Libraries.brsystem"
    Type="Library"
    LastWriteTime="131885244160000000" />
  <Object
    Path="C:\Users\admin\Desktop\4lab_Morozov20.12.2019_usable\Logical\Libraries\brsystem\brsystem.fun"
    LogicalPath="Libraries.brsystem.brsystem.fun"
    Type="File"
    LastWriteTime="131885243660000000"
    Private="false" />
  <Object
    Path="C:\Users\admin\Desktop\4lab_Morozov20.12.2019_usable\Logical\Libraries\brsystem\brsystem.typ"
    LogicalPath="Libraries.brsystem.brsystem.typ"
    Type="File"
    LastWriteTime="131885243820000000"
    Private="false" />
  <Object
    Path="C:\Users\admin\Desktop\4lab_Morozov20.12.2019_usable\Logical\Libraries\brsystem\brsystem.var"
    LogicalPath="Libraries.brsystem.brsystem.var"
    Type="File"
    LastWriteTime="131885243980000000"
    Private="false" />
  <Object
    Path="C:\Users\admin\Desktop\4lab_Morozov20.12.2019_usable\Logical\Libraries\AsBrStr\binary.lby"
    LogicalPath="Libraries.AsBrStr"
    Type="Library"
    LastWriteTime="131885244040000000" />
  <Object
    Path="C:\Users\admin\Desktop\4lab_Morozov20.12.2019_usable\Logical\Libraries\AsBrStr\AsBrStr.fun"
    LogicalPath="Libraries.AsBrStr.AsBrStr.fun"
    Type="File"
    LastWriteTime="131885243560000000"
    Private="false" />
  <Object
    Path="C:\Users\admin\Desktop\4lab_Morozov20.12.2019_usable\Logical\Libraries\AsBrStr\AsBrStr.typ"
    LogicalPath="Libraries.AsBrStr.AsBrStr.typ"
    Type="File"
    LastWriteTime="131885243720000000"
    Private="false" />
  <Object
    Path="C:\Users\admin\Desktop\4lab_Morozov20.12.2019_usable\Logical\Libraries\AsBrStr\AsBrStr.var"
    LogicalPath="Libraries.AsBrStr.AsBrStr.var"
    Type="File"
    LastWriteTime="131885243880000000"
    Private="false" />
  <Object
    Path="C:\Users\admin\Desktop\4lab_Morozov20.12.2019_usable\Logical\Libraries\AsIOTime\binary.lby"
    LogicalPath="Libraries.AsIOTime"
    Type="Library"
    LastWriteTime="131885244080000000" />
  <Object
    Path="C:\Users\admin\Desktop\4lab_Morozov20.12.2019_usable\Logical\Libraries\AsIOTime\AsIOTime.fun"
    LogicalPath="Libraries.AsIOTime.AsIOTime.fun"
    Type="File"
    LastWriteTime="131885243600000000"
    Private="false" />
  <Object
    Path="C:\Users\admin\Desktop\4lab_Morozov20.12.2019_usable\Logical\Libraries\AsIOTime\AsIOTime.typ"
    LogicalPath="Libraries.AsIOTime.AsIOTime.typ"
    Type="File"
    LastWriteTime="131885243760000000"
    Private="false" />
  <Object
    Path="C:\Users\admin\Desktop\4lab_Morozov20.12.2019_usable\Logical\Libraries\AsIOTime\AsIOTime.var"
    LogicalPath="Libraries.AsIOTime.AsIOTime.var"
    Type="File"
    LastWriteTime="131885243920000000"
    Private="false" />
  <Object
    Path="C:\Users\admin\Desktop\4lab_Morozov20.12.2019_usable\Logical\Libraries\MotrContr\ANSIC.lby"
    LogicalPath="Libraries.MotrContr"
    Type="Library"
    LastWriteTime="132199440740000000" />
  <Object
    Path="C:\Users\admin\Desktop\4lab_Morozov20.12.2019_usable\Logical\Libraries\MotrContr\Types.typ"
    LogicalPath="Libraries.MotrContr.Types.typ"
    Type="File"
    LastWriteTime="132199440740000000"
    Private="false" />
  <Object
    Path="C:\Users\admin\Desktop\4lab_Morozov20.12.2019_usable\Logical\Libraries\MotrContr\Constants.var"
    LogicalPath="Libraries.MotrContr.Constants.var"
    Type="File"
    LastWriteTime="132199440740000000"
    Private="false" />
  <Object
    Path="C:\Users\admin\Desktop\4lab_Morozov20.12.2019_usable\Logical\Libraries\MotrContr\MotrContr.fun"
    LogicalPath="Libraries.MotrContr.MotrContr.fun"
    Type="File"
    LastWriteTime="132199440740000000"
    Private="false" />
  <Object
    Path="C:\Users\admin\Desktop\4lab_Morozov20.12.2019_usable\Logical\Libraries\MotrContr\FB_Motor.c"
    LogicalPath="Libraries.MotrContr.FB_Motor.c"
    Type="File"
    LastWriteTime="132199440740000000"
    Private="false" />
  <Object
    Path="C:\Users\admin\Desktop\4lab_Morozov20.12.2019_usable\Logical\Libraries\MotrContr\FB_Regulator.c"
    LogicalPath="Libraries.MotrContr.FB_Regulator.c"
    Type="File"
    LastWriteTime="132199440740000000"
    Private="false" />
  <Object
    Path="C:\Users\admin\Desktop\4lab_Morozov20.12.2019_usable\Logical\Libraries\MotrContr\FB_Integrator.c"
    LogicalPath="Libraries.MotrContr.FB_Integrator.c"
    Type="File"
    LastWriteTime="132199500140000000"
    Private="false" />
  <Object
    Path="C:\Users\admin\Desktop\4lab_Morozov20.12.2019_usable\Logical\Libraries\MotrContr\FB_Axis.c"
    LogicalPath="Libraries.MotrContr.FB_Axis.c"
    Type="File"
    LastWriteTime="132210676215287078"
    Private="false" />
  <Object
    Path="C:\Users\admin\Desktop\4lab_Morozov20.12.2019_usable\Logical\Libraries\DataObj\binary.lby"
    LogicalPath="Libraries.DataObj"
    Type="Library"
    LastWriteTime="131885244160000000" />
  <Object
    Path="C:\Users\admin\Desktop\4lab_Morozov20.12.2019_usable\Logical\Libraries\DataObj\DataObj.fun"
    LogicalPath="Libraries.DataObj.DataObj.fun"
    Type="File"
    LastWriteTime="131885243680000000"
    Private="false" />
  <Object
    Path="C:\Users\admin\Desktop\4lab_Morozov20.12.2019_usable\Logical\Libraries\DataObj\DataObj.typ"
    LogicalPath="Libraries.DataObj.DataObj.typ"
    Type="File"
    LastWriteTime="131885243820000000"
    Private="false" />
  <Object
    Path="C:\Users\admin\Desktop\4lab_Morozov20.12.2019_usable\Logical\Libraries\DataObj\DataObj.var"
    LogicalPath="Libraries.DataObj.DataObj.var"
    Type="File"
    LastWriteTime="131885243980000000"
    Private="false" />
  <Object
    Path="C:\Users\admin\Desktop\4lab_Morozov20.12.2019_usable\Logical\Libraries\AsArLog\binary.lby"
    LogicalPath="Libraries.AsArLog"
    Type="Library"
    LastWriteTime="131885244040000000" />
  <Object
    Path="C:\Users\admin\Desktop\4lab_Morozov20.12.2019_usable\Logical\Libraries\AsArLog\AsArLog.fun"
    LogicalPath="Libraries.AsArLog.AsArLog.fun"
    Type="File"
    LastWriteTime="131885243560000000"
    Private="false" />
  <Object
    Path="C:\Users\admin\Desktop\4lab_Morozov20.12.2019_usable\Logical\Libraries\AsArLog\AsArLog.typ"
    LogicalPath="Libraries.AsArLog.AsArLog.typ"
    Type="File"
    LastWriteTime="131885243720000000"
    Private="false" />
  <Object
    Path="C:\Users\admin\Desktop\4lab_Morozov20.12.2019_usable\Logical\Libraries\AsArLog\AsArLog.var"
    LogicalPath="Libraries.AsArLog.AsArLog.var"
    Type="File"
    LastWriteTime="131885243880000000"
    Private="false" />
  <Object
    Path="C:\Users\admin\Desktop\4lab_Morozov20.12.2019_usable\Logical\Libraries\FileIO\binary.lby"
    LogicalPath="Libraries.FileIO"
    Type="Library"
    LastWriteTime="131885244180000000" />
  <Object
    Path="C:\Users\admin\Desktop\4lab_Morozov20.12.2019_usable\Logical\Libraries\FileIO\FileIO.fun"
    LogicalPath="Libraries.FileIO.FileIO.fun"
    Type="File"
    LastWriteTime="131885243680000000"
    Private="false" />
  <Object
    Path="C:\Users\admin\Desktop\4lab_Morozov20.12.2019_usable\Logical\Libraries\FileIO\FileIO.typ"
    LogicalPath="Libraries.FileIO.FileIO.typ"
    Type="File"
    LastWriteTime="131885243840000000"
    Private="false" />
  <Object
    Path="C:\Users\admin\Desktop\4lab_Morozov20.12.2019_usable\Logical\Libraries\FileIO\FileIO.var"
    LogicalPath="Libraries.FileIO.FileIO.var"
    Type="File"
    LastWriteTime="131885244000000000"
    Private="false" />
  <Object
    Path="C:\Users\admin\Desktop\4lab_Morozov20.12.2019_usable\Logical\Libraries\AsArProf\binary.lby"
    LogicalPath="Libraries.AsArProf"
    Type="Library"
    LastWriteTime="131885244040000000" />
  <Object
    Path="C:\Users\admin\Desktop\4lab_Morozov20.12.2019_usable\Logical\Libraries\AsArProf\AsArProf.fun"
    LogicalPath="Libraries.AsArProf.AsArProf.fun"
    Type="File"
    LastWriteTime="131885243560000000"
    Private="false" />
  <Object
    Path="C:\Users\admin\Desktop\4lab_Morozov20.12.2019_usable\Logical\Libraries\AsArProf\AsArProf.typ"
    LogicalPath="Libraries.AsArProf.AsArProf.typ"
    Type="File"
    LastWriteTime="131885243720000000"
    Private="false" />
  <Object
    Path="C:\Users\admin\Desktop\4lab_Morozov20.12.2019_usable\Logical\Libraries\AsArProf\AsArProf.var"
    LogicalPath="Libraries.AsArProf.AsArProf.var"
    Type="File"
    LastWriteTime="131885243880000000"
    Private="false" />
  <Object
    Path="C:\Users\admin\Desktop\4lab_Morozov20.12.2019_usable\Logical\Libraries\AsMem\binary.lby"
    LogicalPath="Libraries.AsMem"
    Type="Library"
    LastWriteTime="131885244100000000" />
  <Object
    Path="C:\Users\admin\Desktop\4lab_Morozov20.12.2019_usable\Logical\Libraries\AsMem\AsMem.fun"
    LogicalPath="Libraries.AsMem.AsMem.fun"
    Type="File"
    LastWriteTime="131885243620000000"
    Private="false" />
  <Object
    Path="C:\Users\admin\Desktop\4lab_Morozov20.12.2019_usable\Logical\Libraries\AsMem\AsMem.typ"
    LogicalPath="Libraries.AsMem.AsMem.typ"
    Type="File"
    LastWriteTime="131885243780000000"
    Private="false" />
  <Object
    Path="C:\Users\admin\Desktop\4lab_Morozov20.12.2019_usable\Logical\Libraries\AsMem\AsMem.var"
    LogicalPath="Libraries.AsMem.AsMem.var"
    Type="File"
    LastWriteTime="131885243940000000"
    Private="false" />
  <Object
    Path="C:\Users\admin\Desktop\4lab_Morozov20.12.2019_usable\Logical\Libraries\Arnc0man\binary.lby"
    LogicalPath="Libraries.Arnc0man"
    Type="Library"
    LastWriteTime="132207252837675212" />
  <Object
    Path="C:\Users\admin\Desktop\4lab_Morozov20.12.2019_usable\Logical\Libraries\Arnc0man\arnc0man.typ"
    LogicalPath="Libraries.Arnc0man.arnc0man.typ"
    Type="File"
    LastWriteTime="132207252837675212"
    Private="false" />
  <Object
    Path="C:\Users\admin\Desktop\4lab_Morozov20.12.2019_usable\Logical\Libraries\Acp10man\Binary.lby"
    LogicalPath="Libraries.Acp10man"
    Type="Library"
    LastWriteTime="132207252839081138" />
  <Object
    Path="C:\Users\admin\Desktop\4lab_Morozov20.12.2019_usable\Logical\Libraries\Acp10man\Acp10man.typ"
    LogicalPath="Libraries.Acp10man.Acp10man.typ"
    Type="File"
    LastWriteTime="132207252839081138"
    Private="false" />
  <Object
    Path="C:\Users\admin\Desktop\4lab_Morozov20.12.2019_usable\Logical\Libraries\Acp10par\Binary.lby"
    LogicalPath="Libraries.Acp10par"
    Type="Library"
    LastWriteTime="132207252839862204" />
  <Object
    Path="C:\Users\admin\Desktop\4lab_Morozov20.12.2019_usable\Logical\Libraries\Acp10par\Acp10par.var"
    LogicalPath="Libraries.Acp10par.Acp10par.var"
    Type="File"
    LastWriteTime="132207252839862204"
    Private="false" />
  <Object
    Path="C:\Users\admin\Desktop\4lab_Morozov20.12.2019_usable\Logical\Libraries\NcGlobal\Binary.lby"
    LogicalPath="Libraries.NcGlobal"
    Type="Library"
    LastWriteTime="132207252840174631" />
  <Object
    Path="C:\Users\admin\Desktop\4lab_Morozov20.12.2019_usable\Logical\Libraries\NcGlobal\NcGlobal.fun"
    LogicalPath="Libraries.NcGlobal.NcGlobal.fun"
    Type="File"
    LastWriteTime="132207252840174631"
    Private="false" />
  <Object
    Path="C:\Users\admin\Desktop\4lab_Morozov20.12.2019_usable\Logical\Libraries\NcGlobal\NcGlobal.typ"
    LogicalPath="Libraries.NcGlobal.NcGlobal.typ"
    Type="File"
    LastWriteTime="132207252840174631"
    Private="false" />
  <Object
    Path="C:\Users\admin\Desktop\4lab_Morozov20.12.2019_usable\Logical\Libraries\NcGlobal\NcGlobal.var"
    LogicalPath="Libraries.NcGlobal.NcGlobal.var"
    Type="File"
    LastWriteTime="132207252840174631"
    Private="false" />
  <Object
    Path="C:\Users\admin\Desktop\4lab_Morozov20.12.2019_usable\Logical\Libraries\Acp10sim\binary.lby"
    LogicalPath="Libraries.Acp10sim"
    Type="Library"
    LastWriteTime="132207252840487061" />
  <Object
    Path="C:\Users\admin\Desktop\4lab_Morozov20.12.2019_usable\Logical\Libraries\Acp10sim\acp10sim.var"
    LogicalPath="Libraries.Acp10sim.acp10sim.var"
    Type="File"
    LastWriteTime="132207252840487061"
    Private="false" />
  <Object
    Path="C:\Users\admin\Desktop\4lab_Morozov20.12.2019_usable\Logical\Libraries\Acp10sim\acp10sim.typ"
    LogicalPath="Libraries.Acp10sim.acp10sim.typ"
    Type="File"
    LastWriteTime="132207252840487061"
    Private="false" />
  <Object
    Path="C:\Users\admin\Desktop\4lab_Morozov20.12.2019_usable\Logical\Libraries\Acp10sdc\binary.lby"
    LogicalPath="Libraries.Acp10sdc"
    Type="Library"
    LastWriteTime="132207252841424619" />
  <Object
    Path="C:\Users\admin\Desktop\4lab_Morozov20.12.2019_usable\Logical\Libraries\Acp10sdc\acp10sdc.var"
    LogicalPath="Libraries.Acp10sdc.acp10sdc.var"
    Type="File"
    LastWriteTime="132207252841424619"
    Private="false" />
  <Object
    Path="C:\Users\admin\Desktop\4lab_Morozov20.12.2019_usable\Logical\Libraries\Acp10sdc\acp10sdc.typ"
    LogicalPath="Libraries.Acp10sdc.acp10sdc.typ"
    Type="File"
    LastWriteTime="132207252841424619"
    Private="false" />
  <Object
    Path="C:\Users\admin\Desktop\4lab_Morozov20.12.2019_usable\Logical\Libraries\Acp10_MC\binary.lby"
    LogicalPath="Libraries.Acp10_MC"
    Type="Library"
    LastWriteTime="132210732352296630" />
  <Object
    Path="C:\Users\admin\Desktop\4lab_Morozov20.12.2019_usable\Logical\Libraries\Acp10_MC\acp10_mc.fun"
    LogicalPath="Libraries.Acp10_MC.acp10_mc.fun"
    Type="File"
    LastWriteTime="132210732352140693"
    Private="false" />
  <Object
    Path="C:\Users\admin\Desktop\4lab_Morozov20.12.2019_usable\Logical\Libraries\Acp10_MC\acp10_mc.typ"
    LogicalPath="Libraries.Acp10_MC.acp10_mc.typ"
    Type="File"
    LastWriteTime="132210732352140693"
    Private="false" />
  <Object
    Path="C:\Users\admin\Desktop\4lab_Morozov20.12.2019_usable\Logical\Libraries\Acp10_MC\acp10_mc.var"
    LogicalPath="Libraries.Acp10_MC.acp10_mc.var"
    Type="File"
    LastWriteTime="132210732352296630"
    Private="false" />
  <Object
    Path="C:\Users\admin\Desktop\4lab_Morozov20.12.2019_usable\Logical\acp10etxen\Ett.dob"
    LogicalPath="acp10etxen"
    Type="DataObject"
    LastWriteTime="132180380880000000" />
  <Object
    Path="C:\Users\admin\Desktop\4lab_Morozov20.12.2019_usable\Logical\acp10etxen\acp10etxen.ett"
    LogicalPath="acp10etxen.acp10etxen.ett"
    Type="File"
    LastWriteTime="132180380880000000"
    Private="false" />
  <Object
    Path="C:\Users\admin\Desktop\4lab_Morozov20.12.2019_usable\Logical\gAxis_X\Package.pkg"
    LogicalPath="gAxis_X"
    Type="Package"
    LastWriteTime="132211617418055490" />
  <Object
    Path="C:\Users\admin\Desktop\4lab_Morozov20.12.2019_usable\Logical\gAxis_X\gAxis_X_01a\Apt.dob"
    LogicalPath="gAxis_X.gAxis_X_01a"
    Type="DataObject"
    LastWriteTime="132211617320198594" />
  <Object
    Path="C:\Users\admin\Desktop\4lab_Morozov20.12.2019_usable\Logical\gAxis_X\gAxis_X_01a\AcpParTab.apt"
    LogicalPath="gAxis_X.gAxis_X_01a.AcpParTab.apt"
    Type="File"
    LastWriteTime="132213294421708631"
    Private="false" />
  <Object
    Path="C:\Users\admin\Desktop\4lab_Morozov20.12.2019_usable\Logical\gAxis_X\gAxis_X_01i\Ax.dob"
    LogicalPath="gAxis_X.gAxis_X_01i"
    Type="DataObject"
    LastWriteTime="132211616499973204" />
  <Object
    Path="C:\Users\admin\Desktop\4lab_Morozov20.12.2019_usable\Logical\gAxis_X\gAxis_X_01i\AxInitAcp10.ax"
    LogicalPath="gAxis_X.gAxis_X_01i.AxInitAcp10.ax"
    Type="File"
    LastWriteTime="132215722025035632"
    Private="false" />
  <Object
    Path="C:\Users\admin\Desktop\4lab_Morozov20.12.2019_usable\Logical\gAxis_YZ\Package.pkg"
    LogicalPath="gAxis_YZ"
    Type="Package"
    LastWriteTime="132211616049518884" />
  <Object
    Path="C:\Users\admin\Desktop\4lab_Morozov20.12.2019_usable\Logical\gAxis_YZ\gAxis_YZ_01a\Apt.dob"
    LogicalPath="gAxis_YZ.gAxis_YZ_01a"
    Type="DataObject"
    LastWriteTime="132180390960000000" />
  <Object
    Path="C:\Users\admin\Desktop\4lab_Morozov20.12.2019_usable\Logical\gAxis_YZ\gAxis_YZ_01a\gAxis01a.apt"
    LogicalPath="gAxis_YZ.gAxis_YZ_01a.gAxis01a.apt"
    Type="File"
    LastWriteTime="132210682980176639"
    Private="false" />
  <Object
    Path="C:\Users\admin\Desktop\4lab_Morozov20.12.2019_usable\Logical\gAxis_YZ\gAxis_YZ_01i\Ax.dob"
    LogicalPath="gAxis_YZ.gAxis_YZ_01i"
    Type="DataObject"
    LastWriteTime="132180390960000000" />
  <Object
    Path="C:\Users\admin\Desktop\4lab_Morozov20.12.2019_usable\Logical\gAxis_YZ\gAxis_YZ_01i\gAxis01i.ax"
    LogicalPath="gAxis_YZ.gAxis_YZ_01i.gAxis01i.ax"
    Type="File"
    LastWriteTime="132215721991605871"
    Private="false" />
  <Object
    Path="C:\Users\admin\Desktop\4lab_Morozov20.12.2019_usable\Logical\SDCAxisCtrlX\ANSIC.prg"
    LogicalPath="SDCAxisCtrlX"
    Type="Program"
    LastWriteTime="132180423320000000" />
  <Object
    Path="C:\Users\admin\Desktop\4lab_Morozov20.12.2019_usable\Logical\SDCAxisCtrlX\Cyclic.c"
    LogicalPath="SDCAxisCtrlX.Cyclic.c"
    Type="File"
    LastWriteTime="132210689042908908"
    Private="false" />
  <Object
    Path="C:\Users\admin\Desktop\4lab_Morozov20.12.2019_usable\Logical\SDCAxisCtrlX\Init.c"
    LogicalPath="SDCAxisCtrlX.Init.c"
    Type="File"
    LastWriteTime="132213286953491021"
    Private="false" />
  <Object
    Path="C:\Users\admin\Desktop\4lab_Morozov20.12.2019_usable\Logical\SDCAxisCtrlX\Exit.c"
    LogicalPath="SDCAxisCtrlX.Exit.c"
    Type="File"
    LastWriteTime="132180423320000000"
    Private="false" />
  <Object
    Path="C:\Users\admin\Desktop\4lab_Morozov20.12.2019_usable\Logical\SDCAxisCtrlX\Types.typ"
    LogicalPath="SDCAxisCtrlX.Types.typ"
    Type="File"
    LastWriteTime="132180423320000000"
    Private="true" />
  <Object
    Path="C:\Users\admin\Desktop\4lab_Morozov20.12.2019_usable\Logical\SDCAxisCtrlX\Variables.var"
    LogicalPath="SDCAxisCtrlX.Variables.var"
    Type="File"
    LastWriteTime="132181312940000000"
    Private="true" />
  <Object
    Path="C:\Users\admin\Desktop\4lab_Morozov20.12.2019_usable\Logical\SDCAxisCtrlY\ANSIC.prg"
    LogicalPath="SDCAxisCtrlY"
    Type="Program"
    LastWriteTime="132204623980000000" />
  <Object
    Path="C:\Users\admin\Desktop\4lab_Morozov20.12.2019_usable\Logical\SDCAxisCtrlY\Cyclic.c"
    LogicalPath="SDCAxisCtrlY.Cyclic.c"
    Type="File"
    LastWriteTime="132204632520000000"
    Private="false" />
  <Object
    Path="C:\Users\admin\Desktop\4lab_Morozov20.12.2019_usable\Logical\SDCAxisCtrlY\Init.c"
    LogicalPath="SDCAxisCtrlY.Init.c"
    Type="File"
    LastWriteTime="132204632880000000"
    Private="false" />
  <Object
    Path="C:\Users\admin\Desktop\4lab_Morozov20.12.2019_usable\Logical\SDCAxisCtrlY\Exit.c"
    LogicalPath="SDCAxisCtrlY.Exit.c"
    Type="File"
    LastWriteTime="132204623980000000"
    Private="false" />
  <Object
    Path="C:\Users\admin\Desktop\4lab_Morozov20.12.2019_usable\Logical\SDCAxisCtrlY\Types.typ"
    LogicalPath="SDCAxisCtrlY.Types.typ"
    Type="File"
    LastWriteTime="132204623980000000"
    Private="true" />
  <Object
    Path="C:\Users\admin\Desktop\4lab_Morozov20.12.2019_usable\Logical\SDCAxisCtrlY\Variables.var"
    LogicalPath="SDCAxisCtrlY.Variables.var"
    Type="File"
    LastWriteTime="132204635540000000"
    Private="true" />
  <Object
    Path="C:\Users\admin\Desktop\4lab_Morozov20.12.2019_usable\Logical\SDCAxisCtrlZ\ANSIC.prg"
    LogicalPath="SDCAxisCtrlZ"
    Type="Program"
    LastWriteTime="132204624000000000" />
  <Object
    Path="C:\Users\admin\Desktop\4lab_Morozov20.12.2019_usable\Logical\SDCAxisCtrlZ\Cyclic.c"
    LogicalPath="SDCAxisCtrlZ.Cyclic.c"
    Type="File"
    LastWriteTime="132204635020000000"
    Private="false" />
  <Object
    Path="C:\Users\admin\Desktop\4lab_Morozov20.12.2019_usable\Logical\SDCAxisCtrlZ\Init.c"
    LogicalPath="SDCAxisCtrlZ.Init.c"
    Type="File"
    LastWriteTime="132204632000000000"
    Private="false" />
  <Object
    Path="C:\Users\admin\Desktop\4lab_Morozov20.12.2019_usable\Logical\SDCAxisCtrlZ\Exit.c"
    LogicalPath="SDCAxisCtrlZ.Exit.c"
    Type="File"
    LastWriteTime="132204624000000000"
    Private="false" />
  <Object
    Path="C:\Users\admin\Desktop\4lab_Morozov20.12.2019_usable\Logical\SDCAxisCtrlZ\Types.typ"
    LogicalPath="SDCAxisCtrlZ.Types.typ"
    Type="File"
    LastWriteTime="132204624000000000"
    Private="true" />
  <Object
    Path="C:\Users\admin\Desktop\4lab_Morozov20.12.2019_usable\Logical\SDCAxisCtrlZ\Variables.var"
    LogicalPath="SDCAxisCtrlZ.Variables.var"
    Type="File"
    LastWriteTime="132204635500000000"
    Private="true" />
  <Object
    Path="C:\Users\admin\Desktop\4lab_Morozov20.12.2019_usable\Logical\GmcIpConfig\Package.pkg"
    LogicalPath="GmcIpConfig"
    Type="Package"
    LastWriteTime="131647977000000000" />
  <Object
    Path="C:\Users\admin\Desktop\4lab_Morozov20.12.2019_usable\Logical\GmcIpConfig\gmcipsys\Cnc.dob"
    LogicalPath="GmcIpConfig.gmcipsys"
    Type="DataObject"
    LastWriteTime="131647977000000000" />
  <Object
    Path="C:\Users\admin\Desktop\4lab_Morozov20.12.2019_usable\Logical\GmcIpConfig\gmcipsys\gmcipsys.cnc"
    LogicalPath="GmcIpConfig.gmcipsys.gmcipsys.cnc"
    Type="File"
    LastWriteTime="131647977000000000"
    Private="false" />
  <Object
    Path="C:\Users\admin\Desktop\4lab_Morozov20.12.2019_usable\Logical\GmcIpConfig\gmciplbr\Cnc.dob"
    LogicalPath="GmcIpConfig.gmciplbr"
    Type="DataObject"
    LastWriteTime="131647977000000000" />
  <Object
    Path="C:\Users\admin\Desktop\4lab_Morozov20.12.2019_usable\Logical\GmcIpConfig\gmciplbr\gmciplbr.cnc"
    LogicalPath="GmcIpConfig.gmciplbr.gmciplbr.cnc"
    Type="File"
    LastWriteTime="131647977000000000"
    Private="false" />
  <Object
    Path="C:\Users\admin\Desktop\4lab_Morozov20.12.2019_usable\Logical\GmcIpConfig\gmcipcbr\Cnc.dob"
    LogicalPath="GmcIpConfig.gmcipcbr"
    Type="DataObject"
    LastWriteTime="131647977000000000" />
  <Object
    Path="C:\Users\admin\Desktop\4lab_Morozov20.12.2019_usable\Logical\GmcIpConfig\gmcipcbr\gmcipcbr.cnc"
    LogicalPath="GmcIpConfig.gmcipcbr.gmcipcbr.cnc"
    Type="File"
    LastWriteTime="131647977000000000"
    Private="false" />
  <Object
    Path="C:\Users\admin\Desktop\4lab_Morozov20.12.2019_usable\Logical\GmcIpConfig\gmciplsm\Cnc.dob"
    LogicalPath="GmcIpConfig.gmciplsm"
    Type="DataObject"
    LastWriteTime="131647977000000000" />
  <Object
    Path="C:\Users\admin\Desktop\4lab_Morozov20.12.2019_usable\Logical\GmcIpConfig\gmciplsm\gmciplsm.cnc"
    LogicalPath="GmcIpConfig.gmciplsm.gmciplsm.cnc"
    Type="File"
    LastWriteTime="131647977000000000"
    Private="false" />
  <Object
    Path="C:\Users\admin\Desktop\4lab_Morozov20.12.2019_usable\Logical\GmcIpConfig\gmcipcsm\Cnc.dob"
    LogicalPath="GmcIpConfig.gmcipcsm"
    Type="DataObject"
    LastWriteTime="131647977000000000" />
  <Object
    Path="C:\Users\admin\Desktop\4lab_Morozov20.12.2019_usable\Logical\GmcIpConfig\gmcipcsm\gmcipcsm.cnc"
    LogicalPath="GmcIpConfig.gmcipcsm.gmcipcsm.cnc"
    Type="File"
    LastWriteTime="131647977000000000"
    Private="false" />
  <Object
    Path="C:\Users\admin\Desktop\4lab_Morozov20.12.2019_usable\Logical\GmcIpConfig\gmcipcfg\Cnc.dob"
    LogicalPath="GmcIpConfig.gmcipcfg"
    Type="DataObject"
    LastWriteTime="131647977000000000" />
  <Object
    Path="C:\Users\admin\Desktop\4lab_Morozov20.12.2019_usable\Logical\GmcIpConfig\gmcipcfg\gmcipcfg.cnc"
    LogicalPath="GmcIpConfig.gmcipcfg.gmcipcfg.cnc"
    Type="File"
    LastWriteTime="131647977000000000"
    Private="false" />
  <Object
    Path="C:\Users\admin\Desktop\4lab_Morozov20.12.2019_usable\Logical\GmcIpConfig\gmcipiec\Cnc.dob"
    LogicalPath="GmcIpConfig.gmcipiec"
    Type="DataObject"
    LastWriteTime="131647977000000000" />
  <Object
    Path="C:\Users\admin\Desktop\4lab_Morozov20.12.2019_usable\Logical\GmcIpConfig\gmcipiec\gmcipiec.cnc"
    LogicalPath="GmcIpConfig.gmcipiec.gmcipiec.cnc"
    Type="File"
    LastWriteTime="131647977000000000"
    Private="false" />
  <Object
    Path="C:\Users\admin\Desktop\4lab_Morozov20.12.2019_usable\Logical\GmcIpConfig\gmciplog\Cnc.dob"
    LogicalPath="GmcIpConfig.gmciplog"
    Type="DataObject"
    LastWriteTime="131647977000000000" />
  <Object
    Path="C:\Users\admin\Desktop\4lab_Morozov20.12.2019_usable\Logical\GmcIpConfig\gmciplog\gmciplog.cnc"
    LogicalPath="GmcIpConfig.gmciplog.gmciplog.cnc"
    Type="File"
    LastWriteTime="131647977000000000"
    Private="false" />
  <Object
    Path="C:\Users\admin\Desktop\4lab_Morozov20.12.2019_usable\Logical\GmcIpConfig\gmcipesm\Cnc.dob"
    LogicalPath="GmcIpConfig.gmcipesm"
    Type="DataObject"
    LastWriteTime="131647977000000000" />
  <Object
    Path="C:\Users\admin\Desktop\4lab_Morozov20.12.2019_usable\Logical\GmcIpConfig\gmcipesm\gmcipesm.cnc"
    LogicalPath="GmcIpConfig.gmcipesm.gmcipesm.cnc"
    Type="File"
    LastWriteTime="131647977000000000"
    Private="false" />
  <Object
    Path="C:\Users\admin\Desktop\4lab_Morozov20.12.2019_usable\Logical\GmcIpConfig\gmcipmxd\Cnc.dob"
    LogicalPath="GmcIpConfig.gmcipmxd"
    Type="DataObject"
    LastWriteTime="131647977000000000" />
  <Object
    Path="C:\Users\admin\Desktop\4lab_Morozov20.12.2019_usable\Logical\GmcIpConfig\gmcipmxd\gmcipmxd.cnc"
    LogicalPath="GmcIpConfig.gmcipmxd.gmcipmxd.cnc"
    Type="File"
    LastWriteTime="131647977000000000"
    Private="false" />
  <Object
    Path="C:\Users\admin\Desktop\4lab_Morozov20.12.2019_usable\Logical\GmcIpConfig\gmcipmx\Cnc.dob"
    LogicalPath="GmcIpConfig.gmcipmx"
    Type="DataObject"
    LastWriteTime="131647977000000000" />
  <Object
    Path="C:\Users\admin\Desktop\4lab_Morozov20.12.2019_usable\Logical\GmcIpConfig\gmcipmx\gmcipmx.cnc"
    LogicalPath="GmcIpConfig.gmcipmx.gmcipmx.cnc"
    Type="File"
    LastWriteTime="131647977000000000"
    Private="false" />
  <Object
    Path="C:\Users\admin\Desktop\4lab_Morozov20.12.2019_usable\Logical\GmcIpUserConfig\Package.pkg"
    LogicalPath="GmcIpUserConfig"
    Type="Package"
    LastWriteTime="131647977260000000" />
  <Object
    Path="C:\Users\admin\Desktop\4lab_Morozov20.12.2019_usable\Logical\GmcIpUserConfig\gmcipvar\Cnc.dob"
    LogicalPath="GmcIpUserConfig.gmcipvar"
    Type="DataObject"
    LastWriteTime="131647977260000000" />
  <Object
    Path="C:\Users\admin\Desktop\4lab_Morozov20.12.2019_usable\Logical\GmcIpUserConfig\gmcipvar\gmcipvar.cnc"
    LogicalPath="GmcIpUserConfig.gmcipvar.gmcipvar.cnc"
    Type="File"
    LastWriteTime="131647977260000000"
    Private="false" />
  <Object
    Path="C:\Users\admin\Desktop\4lab_Morozov20.12.2019_usable\Logical\GmcIpUserConfig\gmcipfun\Cnc.dob"
    LogicalPath="GmcIpUserConfig.gmcipfun"
    Type="DataObject"
    LastWriteTime="131647977260000000" />
  <Object
    Path="C:\Users\admin\Desktop\4lab_Morozov20.12.2019_usable\Logical\GmcIpUserConfig\gmcipfun\gmcipfun.cnc"
    LogicalPath="GmcIpUserConfig.gmcipfun.gmcipfun.cnc"
    Type="File"
    LastWriteTime="131647977260000000"
    Private="false" />
  <Object
    Path="C:\Users\admin\Desktop\4lab_Morozov20.12.2019_usable\Logical\GmcIpUserConfig\gmcipfub\Cnc.dob"
    LogicalPath="GmcIpUserConfig.gmcipfub"
    Type="DataObject"
    LastWriteTime="131647977260000000" />
  <Object
    Path="C:\Users\admin\Desktop\4lab_Morozov20.12.2019_usable\Logical\GmcIpUserConfig\gmcipfub\gmcipfub.cnc"
    LogicalPath="GmcIpUserConfig.gmcipfub.gmcipfub.cnc"
    Type="File"
    LastWriteTime="131647977260000000"
    Private="false" />
  <Object
    Path="C:\Users\admin\Desktop\4lab_Morozov20.12.2019_usable\Logical\GmcIpUserConfig\gmcipubr\Cnc.dob"
    LogicalPath="GmcIpUserConfig.gmcipubr"
    Type="DataObject"
    LastWriteTime="131647977260000000" />
  <Object
    Path="C:\Users\admin\Desktop\4lab_Morozov20.12.2019_usable\Logical\GmcIpUserConfig\gmcipubr\gmcipubr.cnc"
    LogicalPath="GmcIpUserConfig.gmcipubr.gmcipubr.cnc"
    Type="File"
    LastWriteTime="131647977260000000"
    Private="false" />
  <Object
    Path="C:\Users\admin\Desktop\4lab_Morozov20.12.2019_usable\Logical\GmcIpUserConfig\gmcipusm\Cnc.dob"
    LogicalPath="GmcIpUserConfig.gmcipusm"
    Type="DataObject"
    LastWriteTime="131647977260000000" />
  <Object
    Path="C:\Users\admin\Desktop\4lab_Morozov20.12.2019_usable\Logical\GmcIpUserConfig\gmcipusm\gmcipusm.cnc"
    LogicalPath="GmcIpUserConfig.gmcipusm.gmcipusm.cnc"
    Type="File"
    LastWriteTime="131647977260000000"
    Private="false" />
  <Object
    Path="C:\Users\admin\Desktop\4lab_Morozov20.12.2019_usable\Logical\GmcIpUserConfig\gmcipui\Cnc.dob"
    LogicalPath="GmcIpUserConfig.gmcipui"
    Type="DataObject"
    LastWriteTime="131647977260000000" />
  <Object
    Path="C:\Users\admin\Desktop\4lab_Morozov20.12.2019_usable\Logical\GmcIpUserConfig\gmcipui\gmcipui.cnc"
    LogicalPath="GmcIpUserConfig.gmcipui.gmcipui.cnc"
    Type="File"
    LastWriteTime="131647977260000000"
    Private="false" />
  <Object
    Path="C:\Users\admin\Desktop\4lab_Morozov20.12.2019_usable\Logical\GmcIpUserConfig\gmcipus\Cnc.dob"
    LogicalPath="GmcIpUserConfig.gmcipus"
    Type="DataObject"
    LastWriteTime="131647977260000000" />
  <Object
    Path="C:\Users\admin\Desktop\4lab_Morozov20.12.2019_usable\Logical\GmcIpUserConfig\gmcipus\gmcipus.cnc"
    LogicalPath="GmcIpUserConfig.gmcipus.gmcipus.cnc"
    Type="File"
    LastWriteTime="131647977260000000"
    Private="false" />
  <Object
    Path="C:\Users\admin\Desktop\4lab_Morozov20.12.2019_usable\Logical\GmcIpUserConfig\gmcipuc\Cnc.dob"
    LogicalPath="GmcIpUserConfig.gmcipuc"
    Type="DataObject"
    LastWriteTime="131647977260000000" />
  <Object
    Path="C:\Users\admin\Desktop\4lab_Morozov20.12.2019_usable\Logical\GmcIpUserConfig\gmcipuc\gmcipuc.cnc"
    LogicalPath="GmcIpUserConfig.gmcipuc.gmcipuc.cnc"
    Type="File"
    LastWriteTime="131647977260000000"
    Private="false" />
  <Object
    Path="C:\Users\admin\Desktop\4lab_Morozov20.12.2019_usable\Logical\CncInit\Cns.dob"
    LogicalPath="CncInit"
    Type="DataObject"
    LastWriteTime="132213301573430351" />
  <Object
    Path="C:\Users\admin\Desktop\4lab_Morozov20.12.2019_usable\Logical\CncInit\CncInit.cns"
    LogicalPath="CncInit.CncInit.cns"
    Type="File"
    LastWriteTime="132215722074398921"
    Private="false" />
  <Object
    Path="C:\Users\admin\Desktop\4lab_Morozov20.12.2019_usable\Logical\CncProg\Cnc.dob"
    LogicalPath="CncProg"
    Type="DataObject"
    LastWriteTime="132204650300000000" />
  <Object
    Path="C:\Users\admin\Desktop\4lab_Morozov20.12.2019_usable\Logical\CncProg\CncProg.cnc"
    LogicalPath="CncProg.CncProg.cnc"
    Type="File"
    LastWriteTime="132213320298976599"
    Private="false" />
  <Object
    Path="C:\Users\admin\Desktop\4lab_Morozov20.12.2019_usable\Logical\test\Cnc.dob"
    LogicalPath="test"
    Type="DataObject"
    LastWriteTime="132213300730148701" />
  <Object
    Path="C:\Users\admin\Desktop\4lab_Morozov20.12.2019_usable\Logical\test\CncProg.cnc"
    LogicalPath="test.CncProg.cnc"
    Type="File"
    LastWriteTime="132213318852717007"
    Private="false" />
  <Object
    Path="C:\Users\admin\Desktop\4lab_Morozov20.12.2019_usable\Logical\test1\Cnc.dob"
    LogicalPath="test1"
    Type="DataObject"
    LastWriteTime="132213301371915263" />
  <Object
    Path="C:\Users\admin\Desktop\4lab_Morozov20.12.2019_usable\Logical\test1\CncProg.cnc"
    LogicalPath="test1.CncProg.cnc"
    Type="File"
    LastWriteTime="132213301935705329"
    Private="false" />
  <Object
    Path="C:\Users\admin\Desktop\4lab_Morozov20.12.2019_usable\Physical\SampleText\Config.pkg"
    LogicalPath="SampleText"
    Type="Configuration.ParentUnknown"
    LastWriteTime="131194339020000000" />
  <Object
    Path="C:\Users\admin\Desktop\4lab_Morozov20.12.2019_usable\Physical\SampleText\Hardware.hw"
    LogicalPath="SampleText.Hardware.hw"
    Type="File"
    LastWriteTime="132204680860000000"
    Private="false" />
  <Object
    Path="C:\Users\admin\Desktop\4lab_Morozov20.12.2019_usable\Physical\SampleText\Hardware.hwl"
    LogicalPath="SampleText.Hardware.hwl"
    Type="File"
    LastWriteTime="132193385080000000"
    Private="false" />
  <Object
    Path="C:\Users\admin\Desktop\4lab_Morozov20.12.2019_usable\Physical\SampleText\4PP065_0571_P74\Cpu.pkg"
    LogicalPath="SampleText.4PP065_0571_P74"
    Type="Cpu"
    LastWriteTime="132195140860000000" />
  <Object
    Path="C:\Users\admin\Desktop\4lab_Morozov20.12.2019_usable\Physical\SampleText\4PP065_0571_P74\Cpu.sw"
    LogicalPath="SampleText.4PP065_0571_P74.Cpu.sw"
    Type="File"
    LastWriteTime="132213301481420435"
    Private="false" />
  <Object
    Path="C:\Users\admin\Desktop\4lab_Morozov20.12.2019_usable\Physical\SampleText\4PP065_0571_P74\Cpu.per"
    LogicalPath="SampleText.4PP065_0571_P74.Cpu.per"
    Type="File"
    LastWriteTime="131194339000000000"
    Private="false" />
  <Object
    Path="C:\Users\admin\Desktop\4lab_Morozov20.12.2019_usable\Physical\SampleText\4PP065_0571_P74\IoMap.iom"
    LogicalPath="SampleText.4PP065_0571_P74.IoMap.iom"
    Type="File"
    LastWriteTime="132205530460000000"
    Private="false" />
  <Object
    Path="C:\Users\admin\Desktop\4lab_Morozov20.12.2019_usable\Physical\SampleText\4PP065_0571_P74\PvMap.vvm"
    LogicalPath="SampleText.4PP065_0571_P74.PvMap.vvm"
    Type="File"
    LastWriteTime="131194339000000000"
    Private="false" />
  <Object
    Path="C:\Users\admin\Desktop\4lab_Morozov20.12.2019_usable\Physical\SampleText\4PP065_0571_P74\mapp\Package.pkg"
    LogicalPath="SampleText.4PP065_0571_P74.mapp"
    Type="Package"
    LastWriteTime="131194339000000000" />
  <Object
    Path="C:\Users\admin\Desktop\4lab_Morozov20.12.2019_usable\Physical\SampleText\4PP065_0571_P74\Connectivity\Package.pkg"
    LogicalPath="SampleText.4PP065_0571_P74.Connectivity"
    Type="Package"
    LastWriteTime="131194339000000000" />
  <Object
    Path="C:\Users\admin\Desktop\4lab_Morozov20.12.2019_usable\Physical\SampleText\4PP065_0571_P74\Connectivity\OpcUA\Package.pkg"
    LogicalPath="SampleText.4PP065_0571_P74.Connectivity.OpcUA"
    Type="Package"
    LastWriteTime="131194339000000000" />
  <Object
    Path="C:\Users\admin\Desktop\4lab_Morozov20.12.2019_usable\Physical\SampleText\4PP065_0571_P74\TextSystem\Package.pkg"
    LogicalPath="SampleText.4PP065_0571_P74.TextSystem"
    Type="Package"
    LastWriteTime="131194339000000000" />
  <Object
    Path="C:\Users\admin\Desktop\4lab_Morozov20.12.2019_usable\Physical\SampleText\4PP065_0571_P74\AccessAndSecurity\Package.pkg"
    LogicalPath="SampleText.4PP065_0571_P74.AccessAndSecurity"
    Type="Package"
    LastWriteTime="131194339000000000" />
  <Object
    Path="C:\Users\admin\Desktop\4lab_Morozov20.12.2019_usable\Physical\SampleText\4PP065_0571_P74\AccessAndSecurity\UserRoleSystem\Package.pkg"
    LogicalPath="SampleText.4PP065_0571_P74.AccessAndSecurity.UserRoleSystem"
    Type="Package"
    LastWriteTime="131194339000000000" />
  <Object
    Path="C:\Users\admin\Desktop\4lab_Morozov20.12.2019_usable\Physical\SampleText\4PP065_0571_P74\AccessAndSecurity\UserRoleSystem\Role.role"
    LogicalPath="SampleText.4PP065_0571_P74.AccessAndSecurity.UserRoleSystem.Role.role"
    Type="File"
    LastWriteTime="131194339000000000"
    Private="false" />
  <Object
    Path="C:\Users\admin\Desktop\4lab_Morozov20.12.2019_usable\Physical\SampleText\4PP065_0571_P74\AccessAndSecurity\UserRoleSystem\User.user"
    LogicalPath="SampleText.4PP065_0571_P74.AccessAndSecurity.UserRoleSystem.User.user"
    Type="File"
    LastWriteTime="131194339000000000"
    Private="false" />
  <Object
    Path="C:\Users\admin\Desktop\4lab_Morozov20.12.2019_usable\Physical\SampleText\4PP065_0571_P74\AccessAndSecurity\CertificateStore\Package.pkg"
    LogicalPath="SampleText.4PP065_0571_P74.AccessAndSecurity.CertificateStore"
    Type="Package"
    LastWriteTime="131194339000000000" />
  <Object
    Path="C:\Users\admin\Desktop\4lab_Morozov20.12.2019_usable\Physical\SampleText\4PP065_0571_P74\AccessAndSecurity\CertificateStore\OwnCertificates\Package.pkg"
    LogicalPath="SampleText.4PP065_0571_P74.AccessAndSecurity.CertificateStore.OwnCertificates"
    Type="Package"
    LastWriteTime="131194339000000000" />
  <Object
    Path="C:\Users\admin\Desktop\4lab_Morozov20.12.2019_usable\Physical\SampleText\4PP065_0571_P74\AccessAndSecurity\CertificateStore\OwnCertificates\Certificates\Package.pkg"
    LogicalPath="SampleText.4PP065_0571_P74.AccessAndSecurity.CertificateStore.OwnCertificates.Certificates"
    Type="Package"
    LastWriteTime="131194339000000000" />
  <Object
    Path="C:\Users\admin\Desktop\4lab_Morozov20.12.2019_usable\Physical\SampleText\4PP065_0571_P74\AccessAndSecurity\CertificateStore\OwnCertificates\PrivateKeys\Package.pkg"
    LogicalPath="SampleText.4PP065_0571_P74.AccessAndSecurity.CertificateStore.OwnCertificates.PrivateKeys"
    Type="Package"
    LastWriteTime="131194339000000000" />
  <Object
    Path="C:\Users\admin\Desktop\4lab_Morozov20.12.2019_usable\Physical\SampleText\4PP065_0571_P74\AccessAndSecurity\CertificateStore\ThirdPartyCertificates\Package.pkg"
    LogicalPath="SampleText.4PP065_0571_P74.AccessAndSecurity.CertificateStore.ThirdPartyCertificates"
    Type="Package"
    LastWriteTime="131194339000000000" />
  <Object
    Path="C:\Users\admin\Desktop\4lab_Morozov20.12.2019_usable\Physical\SampleText\4PP065_0571_P74\AccessAndSecurity\CertificateStore\ThirdPartyCertificates\SoftwareCertificates\Package.pkg"
    LogicalPath="SampleText.4PP065_0571_P74.AccessAndSecurity.CertificateStore.ThirdPartyCertificates.SoftwareCertificates"
    Type="Package"
    LastWriteTime="131194339000000000" />
  <Object
    Path="C:\Users\admin\Desktop\4lab_Morozov20.12.2019_usable\Physical\SampleText\4PP065_0571_P74\AccessAndSecurity\CertificateStore\CertificateRevocationLists\Package.pkg"
    LogicalPath="SampleText.4PP065_0571_P74.AccessAndSecurity.CertificateStore.CertificateRevocationLists"
    Type="Package"
    LastWriteTime="131194339000000000" />
  <Object
    Path="C:\Users\admin\Desktop\4lab_Morozov20.12.2019_usable\Physical\SampleText\4PP065_0571_P74\AccessAndSecurity\CertificateStore\CertificateSigningRequests\Package.pkg"
    LogicalPath="SampleText.4PP065_0571_P74.AccessAndSecurity.CertificateStore.CertificateSigningRequests"
    Type="Package"
    LastWriteTime="131194339000000000" />
  <Object
    Path="C:\Users\admin\Desktop\4lab_Morozov20.12.2019_usable\Physical\SampleText\4PP065_0571_P74\AccessAndSecurity\TransportLayerSecurity\Package.pkg"
    LogicalPath="SampleText.4PP065_0571_P74.AccessAndSecurity.TransportLayerSecurity"
    Type="Package"
    LastWriteTime="131194339000000000" />
  <Object
    Path="C:\Users\admin\Desktop\4lab_Morozov20.12.2019_usable\Physical\SampleText\4PP065_0571_P74\Motion\Package.pkg"
    LogicalPath="SampleText.4PP065_0571_P74.Motion"
    Type="Package"
    LastWriteTime="132207252877353494" />
  <Object
    Path="C:\Users\admin\Desktop\4lab_Morozov20.12.2019_usable\Physical\SampleText\4PP065_0571_P74\Motion\Acp10map.ncm"
    LogicalPath="SampleText.4PP065_0571_P74.Motion.Acp10map.ncm"
    Type="File"
    LastWriteTime="132193385020000000"
    Private="false" />
  <Object
    Path="C:\Users\admin\Desktop\4lab_Morozov20.12.2019_usable\Physical\SampleText\4PP065_0571_P74\Motion\Acp10cfg.ncc"
    LogicalPath="SampleText.4PP065_0571_P74.Motion.Acp10cfg.ncc"
    Type="File"
    LastWriteTime="132180380880000000"
    Private="false" />
  <Object
    Path="C:\Users\admin\Desktop\4lab_Morozov20.12.2019_usable\Physical\SampleText\4PP065_0571_P74\Motion\Acp10map1.ncm"
    LogicalPath="SampleText.4PP065_0571_P74.Motion.Acp10map1.ncm"
    Type="File"
    LastWriteTime="132211617845134422"
    Private="false" />
  <Object
    Path="C:\Users\admin\Desktop\4lab_Morozov20.12.2019_usable\Physical\SampleText\4PP065_0571_P74\Motion\Arnc0map.ncm"
    LogicalPath="SampleText.4PP065_0571_P74.Motion.Arnc0map.ncm"
    Type="File"
    LastWriteTime="132204648440000000"
    Private="false" />
  <Object
    Path="C:\Users\admin\Desktop\4lab_Morozov20.12.2019_usable\Physical\SampleText\4PP065_0571_P74\Motion\Arnc0cfg.ncc"
    LogicalPath="SampleText.4PP065_0571_P74.Motion.Arnc0cfg.ncc"
    Type="File"
    LastWriteTime="132204649140000000"
    Private="false" />
  <Object
    Path="C:\Users\admin\Desktop\4lab_Morozov20.12.2019_usable\Physical\SampleText\4PP065_0571_P74\Motion\Arnc0map1.ncm"
    LogicalPath="SampleText.4PP065_0571_P74.Motion.Arnc0map1.ncm"
    Type="File"
    LastWriteTime="132207253606231320"
    Private="false" />
  <Object
    Path="C:\Users\admin\Desktop\4lab_Morozov20.12.2019_usable\Logical\Libraries\Arnc0man\SG4\Arnc0sys.br"
    LogicalPath="SampleText.4PP065_0571_P74.Motion.Arnc0sys.br"
    Type="File"
    LastWriteTime="131647940560000000"
    Private="false" />
  <Object
    Path="C:\Users\admin\Desktop\4lab_Morozov20.12.2019_usable\Physical\SampleText\4PP065_0571_P74\Motion\Acp10sys.br"
    LogicalPath="SampleText.4PP065_0571_P74.Motion.Acp10sys.br"
    Type="File"
    LastWriteTime="132207252878290773"
    Private="false" />
  <Object
    Path="C:\Users\admin\Desktop\4lab_Morozov20.12.2019_usable\Physical\SampleText\Hardware.jpg"
    LogicalPath="SampleText.Hardware.jpg"
    Type="File"
    LastWriteTime="132211572522187260"
    Private="false" />
</Objects>